Microchip MPLAB XC8 Compiler V2.20

Linker command line:

-W-3 --edf=C:\Program Files\Microchip\xc8\v2.20\pic\dat\en_msgs.txt -cn \
  -h+dist/default/production\MCP9808MK1v5.1.X.production.sym \
  --cmf=dist/default/production\MCP9808MK1v5.1.X.production.cmf -z \
  -Q18F46K20 -oC:\Users\Torben\AppData\Local\Temp\sr60.2 \
  --defsym=__MPLAB_BUILD=1 \
  -Mdist/default/production/MCP9808MK1v5.1.X.production.map -E1 \
  -ver=XC8 Compiler --acfsm=1493 -ASTACK=0E8h-0F5Fh -pstack=STACK \
  -ACODE=00h-0FFFFh -ACONST=00h-0FFFFh -ASMALLCONST=01000h-010FFhx240 \
  -AMEDIUMCONST=01000h-0FFFFh -ACOMRAM=01h-05Fh -AABS1=00h-0F5Fh \
  -ABIGRAM=01h-0F5Fh -ARAM=060h-0FFh,0100h-01FFhx14,0F00h-0F5Fh \
  -ABANK0=060h-0FFh -ABANK1=0100h-01FFh -ABANK2=0200h-02FFh \
  -ABANK3=0300h-03FFh -ABANK4=0400h-04FFh -ABANK5=0500h-05FFh \
  -ABANK6=0600h-06FFh -ABANK7=0700h-07FFh -ABANK8=0800h-08FFh \
  -ABANK9=0900h-09FFh -ABANK10=0A00h-0AFFh -ABANK11=0B00h-0BFFh \
  -ABANK12=0C00h-0CFFh -ABANK13=0D00h-0DFFh -ABANK14=0E00h-0EFFh \
  -ABANK15=0F00h-0F5Fh -ASFR=0F60h-0FFFh -ACONFIG=0300000h-030000Dh \
  -AIDLOC=0200000h-0200007h \
  -preset_vec=00h,intcode=08h,intcodelo,powerup,init -pramtop=01000h \
  -psmallconst=SMALLCONST -pmediumconst=MEDIUMCONST -pconst=CONST \
  -AFARRAM=00h-00h -AEEDATA=0F00000h-0F003FFh -peeprom_data=EEDATA \
  -prdata=COMRAM,nvrram=COMRAM,nvbit=COMRAM,rbss=COMRAM,rbit=COMRAM \
  -pfarbss=FARRAM,fardata=FARRAM,nvFARRAM=FARRAM \
  -pintsave_regs=BIGRAM,bigbss=BIGRAM,bigdata=BIGRAM -pbss=RAM \
  -pidata=CODE,irdata=CODE,ibigdata=CODE,ifardata=CODE -prparam=COMRAM \
  C:\Users\Torben\AppData\Local\Temp\sr60.o \
  dist/default/production\MCP9808MK1v5.1.X.production.o 

Object code version is 3.11

Machine type is 18F46K20



                Name                               Link     Load   Length Selector   Space Scale
C:\Users\Torben\AppData\Local\Temp\sr60.o
                idloc                            200000   200000        8        0       5
                config                           300000   300000        E        0       4
                init                                 B0       B0        4        4       0
                reset_vec                             0        0        4        0       0
dist/default/production\MCP9808MK1v5.1.X.production.o
                intcode                               8        8       A8        4       0
                idloc                            200000   200000        8        0       5
                config                           300000   300000        E        0       4
                temp                                 5A       5A        1        1       1
                smallconst                         1000     1000       2C      800       0
                text81                             2312     2312       2C      816       0
                text80                             254A     254A        6      816       0
                text79                             2580     2580        2      816       0
                text78                             2544     2544        6      816       0
                text77                             1A0E     1A0E       BC      816       0
                text76                             210E     210E       42      816       0
                text74                             257C     257C        4      816       0
                text73                             2578     2578        4      816       0
                text72                             2574     2574        4      816       0
                text71                             22E6     22E6       2C      816       0
                text70                             2570     2570        4      816       0
                text69                             256C     256C        4      816       0
                text68                             2568     2568        4      816       0
                text67                             2366     2366       24      816       0
                text66                             1D96     1D96       7A      816       0
                text65                             2400     2400       18      816       0
                text64                             22BA     22BA       2C      816       0
                text63                             228E     228E       2C      816       0
                text62                             2262     2262       2C      816       0
                text61                             2236     2236       2C      816       0
                text60                             2190     2190       40      816       0
                text59                             2564     2564        4      816       0
                text58                             2560     2560        4      816       0
                text57                             255C     255C        4      816       0
                text56                             253E     253E        6      816       0
                text55                             2558     2558        4      816       0
                text54                             2538     2538        6      816       0
                text53                             2530     2530        8      816       0
                text52                             2442     2442       14      816       0
                text51                             2554     2554        4      816       0
                text50                             1D1A     1D1A       7C      816       0
                text49                             249E     249E        C      816       0
                text48                             2476     2476       10      816       0
                text47                             2466     2466       10      816       0
                text46                             194A     194A       C4      816       0
                text45                             1ACA     1ACA       A6      816       0
                text44                             2492     2492        C      816       0
                text43                             2528     2528        8      816       0
                text42                             2520     2520        8      816       0
                text41                             2518     2518        8      816       0
                text40                             2510     2510        8      816       0
                text39                             2508     2508        8      816       0
                text38                             2500     2500        8      816       0
                text37                             24F8     24F8        8      816       0
                text36                             2486     2486        C      816       0
                text35                             1F64     1F64       66      816       0
                text34                             1E86     1E86       70      816       0
                text33                             2456     2456       10      816       0
                text32                             23CA     23CA       1E      816       0
                text31                             20CA     20CA       44      816       0
                text30                             24F0     24F0        8      816       0
                text29                             238A     238A       22      816       0
                text28                             1C06     1C06       8E      816       0
                text27                             23E8     23E8       18      816       0
                text26                             1C94     1C94       86      816       0
                text25                             1EF6     1EF6       6E      816       0
                text24                             24E6     24E6        A      816       0
                text23                             24DC     24DC        A      816       0
                text22                             24D2     24D2        A      816       0
                text21                             24C8     24C8        A      816       0
                text20                             24BE     24BE        A      816       0
                text19                             1E10     1E10       76      816       0
                text18                             242E     242E       14      816       0
                text17                             2550     2550        4      816       0
                text16                             24B4     24B4        A      816       0
                text15                             2206     2206       30      816       0
                text14                             2418     2418       16      816       0
                text13                             14CC     14CC      188      816       0
                text12                             1654     1654      164      816       0
                text11                             2150     2150       40      816       0
                text10                             202E     202E       58      816       0
                text9                              24AA     24AA        A      816       0
                text8                              1B70     1B70       96      816       0
                text7                              2086     2086       44      816       0
                text6                              21D0     21D0       36      816       0
                text5                              1884     1884       C6      816       0
                text4                              102C     102C      2E2      816       0
                text3                              130E     130E      1BE      816       0
                text2                              1FCA     1FCA       64      816       0
                text1                              233E     233E       28      816       0
                text0                              17B8     17B8       CC      816       0
                cstackCOMRAM                          1        1       55        1       1
                cstackBANK0                          C6       C6       17       60       1
                bssBANK0                             60       60       66       60       1
                bssCOMRAM                            56       56        4        1       1
                cinit                              23AC     23AC       1E      816       0
                nvBANK0                              DD       DD        B       60       1

TOTAL           Name                               Link     Load   Length     Space
        CLASS   STACK          

        CLASS   CODE           
                intcode                               8        8       A8         0
                init                                 B0       B0        4         0
                reset_vec                             0        0        4         0
                text81                             2312     2312       2C         0
                text80                             254A     254A        6         0
                text79                             2580     2580        2         0
                text78                             2544     2544        6         0
                text77                             1A0E     1A0E       BC         0
                text76                             210E     210E       42         0
                text74                             257C     257C        4         0
                text73                             2578     2578        4         0
                text72                             2574     2574        4         0
                text71                             22E6     22E6       2C         0
                text70                             2570     2570        4         0
                text69                             256C     256C        4         0
                text68                             2568     2568        4         0
                text67                             2366     2366       24         0
                text66                             1D96     1D96       7A         0
                text65                             2400     2400       18         0
                text64                             22BA     22BA       2C         0
                text63                             228E     228E       2C         0
                text62                             2262     2262       2C         0
                text61                             2236     2236       2C         0
                text60                             2190     2190       40         0
                text59                             2564     2564        4         0
                text58                             2560     2560        4         0
                text57                             255C     255C        4         0
                text56                             253E     253E        6         0
                text55                             2558     2558        4         0
                text54                             2538     2538        6         0
                text53                             2530     2530        8         0
                text52                             2442     2442       14         0
                text51                             2554     2554        4         0
                text50                             1D1A     1D1A       7C         0
                text49                             249E     249E        C         0
                text48                             2476     2476       10         0
                text47                             2466     2466       10         0
                text46                             194A     194A       C4         0
                text45                             1ACA     1ACA       A6         0
                text44                             2492     2492        C         0
                text43                             2528     2528        8         0
                text42                             2520     2520        8         0
                text41                             2518     2518        8         0
                text40                             2510     2510        8         0
                text39                             2508     2508        8         0
                text38                             2500     2500        8         0
                text37                             24F8     24F8        8         0
                text36                             2486     2486        C         0
                text35                             1F64     1F64       66         0
                text34                             1E86     1E86       70         0
                text33                             2456     2456       10         0
                text32                             23CA     23CA       1E         0
                text31                             20CA     20CA       44         0
                text30                             24F0     24F0        8         0
                text29                             238A     238A       22         0
                text28                             1C06     1C06       8E         0
                text27                             23E8     23E8       18         0
                text26                             1C94     1C94       86         0
                text25                             1EF6     1EF6       6E         0
                text24                             24E6     24E6        A         0
                text23                             24DC     24DC        A         0
                text22                             24D2     24D2        A         0
                text21                             24C8     24C8        A         0
                text20                             24BE     24BE        A         0
                text19                             1E10     1E10       76         0
                text18                             242E     242E       14         0
                text17                             2550     2550        4         0
                text16                             24B4     24B4        A         0
                text15                             2206     2206       30         0
                text14                             2418     2418       16         0
                text13                             14CC     14CC      188         0
                text12                             1654     1654      164         0
                text11                             2150     2150       40         0
                text10                             202E     202E       58         0
                text9                              24AA     24AA        A         0
                text8                              1B70     1B70       96         0
                text7                              2086     2086       44         0
                text6                              21D0     21D0       36         0
                text5                              1884     1884       C6         0
                text4                              102C     102C      2E2         0
                text3                              130E     130E      1BE         0
                text2                              1FCA     1FCA       64         0
                text1                              233E     233E       28         0
                text0                              17B8     17B8       CC         0
                cinit                              23AC     23AC       1E         0

        CLASS   CONST          

        CLASS   SMALLCONST     
                smallconst                         1000     1000       2C         0

        CLASS   MEDIUMCONST    

        CLASS   COMRAM         
                temp                                 5A       5A        1         1
                cstackCOMRAM                          1        1       55         1
                bssCOMRAM                            56       56        4         1

        CLASS   ABS1           

        CLASS   BIGRAM         

        CLASS   RAM            

        CLASS   BANK0          
                cstackBANK0                          C6       C6       17         1
                bssBANK0                             60       60       66         1
                nvBANK0                              DD       DD        B         1

        CLASS   BANK1          

        CLASS   BANK2          

        CLASS   BANK3          

        CLASS   BANK4          

        CLASS   BANK5          

        CLASS   BANK6          

        CLASS   BANK7          

        CLASS   BANK8          

        CLASS   BANK9          

        CLASS   BANK10         

        CLASS   BANK11         

        CLASS   BANK12         

        CLASS   BANK13         

        CLASS   BANK14         

        CLASS   BANK15         

        CLASS   SFR            

        CLASS   CONFIG         
                config                           300000   300000        E         4

        CLASS   IDLOC          
                idloc                            200000   200000        8         5

        CLASS   FARRAM         

        CLASS   EEDATA         



SEGMENTS        Name                           Load    Length   Top    Selector   Space  Class

                reset_vec                      000000  000004  000004         0       0  CODE    
                cstackCOMRAM                   000001  00005A  00005B         1       1  COMRAM  
                intcode                        000008  0000AC  0000B4         4       0  CODE    
                bssBANK0                       000060  000088  0000E8        60       1  BANK0   
                smallconst                     001000  00002C  00102C       800       0  SMALLCON
                text4                          00102C  001556  002582       816       0  CODE    


UNUSED ADDRESS RANGES

        Name                Unused          Largest block    Delta
        BANK0            0000E8-0000FF               18
        BANK1            000100-0001FF              100
        BANK10           000A00-000AFF              100
        BANK11           000B00-000BFF              100
        BANK12           000C00-000CFF              100
        BANK13           000D00-000DFF              100
        BANK14           000E00-000EFF              100
        BANK15           000F00-000F5F               60
        BANK2            000200-0002FF              100
        BANK3            000300-0003FF              100
        BANK4            000400-0004FF              100
        BANK5            000500-0005FF              100
        BANK6            000600-0006FF              100
        BANK7            000700-0007FF              100
        BANK8            000800-0008FF              100
        BANK9            000900-0009FF              100
        BIGRAM           00005B-00005F                5
                         0000E8-000F5F              E78
        CODE             000004-000007                4
                         0000B4-000FFF              F4C
                         002582-00FFFF             DA7E
        COMRAM           00005B-00005F                5
        CONST            000004-000007                4
                         0000B4-000FFF              F4C
                         002582-00FFFF             DA7E
        EEDATA           F00000-F003FF              400
        MEDIUMCONST      002582-00FFFF             DA7E
        RAM              0000E8-000F5F              100
        SFR              000F60-000FFF               A0
        SMALLCONST       002582-00FFFF              100
        STACK            0000E8-000F5F              E78

                                  Symbol Table

?_I2C_Read2ByteRegister                        cstackCOMRAM 000016
?___aodiv                                      cstackCOMRAM 000005
?___aomod                                      cstackCOMRAM 000005
?_abs                                          cstackCOMRAM 000017
?_dtoa                                         cstackCOMRAM 000022
?_pad                                          cstackCOMRAM 000017
?_printf                                       cstackBANK0  0000CE
?_strlen                                       cstackCOMRAM 000005
?_vfpfcnvrt                                    cstackCOMRAM 000046
?_vfprintf                                     cstackBANK0  0000C6
EUSART_SetErrorHandler@interruptHandler        cstackCOMRAM 000005
EUSART_SetFramingErrorHandler@interruptHandler cstackCOMRAM 000005
EUSART_SetOverrunErrorHandler@interruptHandler cstackCOMRAM 000005
EUSART_SetRxInterruptHandler@interruptHandler  cstackCOMRAM 000005
EUSART_SetTxInterruptHandler@interruptHandler  cstackCOMRAM 000005
EUSART_Write@txData                            cstackCOMRAM 000005
I2C_CallbackReturnReset@funPtr                 cstackCOMRAM 00000E
I2C_Close@returnValue                          cstackCOMRAM 000005
I2C_MasterOperation@read                       cstackCOMRAM 000014
I2C_MasterOperation@returnValue                cstackCOMRAM 000015
I2C_MasterSendTxData@data                      cstackCOMRAM 000005
I2C_Open@address                               cstackCOMRAM 000005
I2C_Open@returnValue                           cstackCOMRAM 000006
I2C_Read2ByteRegister@address                  cstackCOMRAM 00001B
I2C_Read2ByteRegister@reg                      cstackCOMRAM 000016
I2C_Read2ByteRegister@returnValue              cstackCOMRAM 00001C
I2C_SetAddressNackCallback@cb                  cstackCOMRAM 00000A
I2C_SetAddressNackCallback@ptr                 cstackCOMRAM 00000C
I2C_SetBuffer@buffer                           cstackCOMRAM 000005
I2C_SetBuffer@bufferSize                       cstackCOMRAM 000007
I2C_SetCallback@cb                             cstackCOMRAM 000005
I2C_SetCallback@idx                            cstackCOMRAM 000009
I2C_SetCallback@ptr                            cstackCOMRAM 000007
I2C_SetDataCompleteCallback@cb                 cstackCOMRAM 00000A
I2C_SetDataCompleteCallback@ptr                cstackCOMRAM 00000C
I2C_Write2ByteRegister@address                 cstackCOMRAM 000019
I2C_Write2ByteRegister@data                    cstackCOMRAM 000017
I2C_Write2ByteRegister@reg                     cstackCOMRAM 000016
_ANSEL                                         (abs)        000F7E
_ANSELH                                        (abs)        000F7F
_BAUDCON                                       (abs)        000FB8
_EUSART_DefaultErrorHandler                    text80       00254A
_EUSART_DefaultFramingErrorHandler             text79       002580
_EUSART_DefaultOverrunErrorHandler             text78       002544
_EUSART_ErrorHandler                           nvBANK0      0000DD
_EUSART_FramingErrorHandler                    nvBANK0      0000E1
_EUSART_Initialize                             text19       001E10
_EUSART_OverrunErrorHandler                    nvBANK0      0000DF
_EUSART_Receive_ISR                            text77       001A0E
_EUSART_RxDataHandler                          text81       002312
_EUSART_RxDefaultInterruptHandler              nvBANK0      0000E3
_EUSART_SetErrorHandler                        text24       0024E6
_EUSART_SetFramingErrorHandler                 text23       0024DC
_EUSART_SetOverrunErrorHandler                 text22       0024D2
_EUSART_SetRxInterruptHandler                  text21       0024C8
_EUSART_SetTxInterruptHandler                  text20       0024BE
_EUSART_Transmit_ISR                           text76       00210E
_EUSART_TxDefaultInterruptHandler              nvBANK0      0000E5
_EUSART_Write                                  text10       00202E
_I2C_CallbackReturnReset                       text58       002560
_I2C_CallbackReturnStop                        text59       002564
_I2C_Close                                     text71       0022E6
_I2C_DO_ADDRESS_NACK                           text35       001F64
_I2C_DO_IDLE                                   text49       00249E
_I2C_DO_RCEN                                   text44       002492
_I2C_DO_RESET                                  text36       002486
_I2C_DO_RX                                     text45       001ACA
_I2C_DO_RX_ACK                                 text39       002508
_I2C_DO_RX_NACK_RESTART                        text37       0024F8
_I2C_DO_RX_NACK_STOP                           text38       002500
_I2C_DO_SEND_ADR_READ                          text48       002476
_I2C_DO_SEND_ADR_WRITE                         text47       002466
_I2C_DO_SEND_RESTART                           text41       002518
_I2C_DO_SEND_RESTART_READ                      text43       002528
_I2C_DO_SEND_RESTART_WRITE                     text42       002520
_I2C_DO_SEND_STOP                              text40       002510
_I2C_DO_TX                                     text46       00194A
_I2C_DO_TX_EMPTY                               text50       001D1A
_I2C_Initialize                                text18       00242E
_I2C_MasterClearIrq                            text74       00257C
_I2C_MasterClose                               text73       002578
_I2C_MasterDisableIrq                          text72       002574
_I2C_MasterEnableRestart                       text69       00256C
_I2C_MasterFsm                                 text34       001E86
_I2C_MasterGetRxData                           text55       002558
_I2C_MasterIsNack                              text52       002442
_I2C_MasterOpen                                text29       00238A
_I2C_MasterOperation                           text31       0020CA
_I2C_MasterSendAck                             text54       002538
_I2C_MasterSendNack                            text56       00253E
_I2C_MasterSendTxData                          text53       002530
_I2C_MasterSetIrq                              text51       002554
_I2C_MasterStart                               text70       002570
_I2C_MasterStartRx                             text57       00255C
_I2C_MasterStop                                text68       002568
_I2C_MasterWaitForEvent                        text33       002456
_I2C_MasterWrite                               text30       0024F0
_I2C_Open                                      text28       001C06
_I2C_Poller                                    text32       0023CA
_I2C_Read2ByteRegister                         text26       001C94
_I2C_SetAddressNackCallback                    text27       0023E8
_I2C_SetBuffer                                 text67       002366
_I2C_SetCallback                               text66       001D96
_I2C_SetDataCompleteCallback                   text65       002400
_I2C_Status                                    bssBANK0     000060
_I2C_Write2ByteRegister                        text25       001EF6
_INTCON2bits                                   (abs)        000FF1
_INTCONbits                                    (abs)        000FF2
_INTERRUPT_Initialize                          text17       002550
_INTERRUPT_InterruptManager                    intcode      000008
_LATA                                          (abs)        000F89
_LATB                                          (abs)        000F8A
_LATC                                          (abs)        000F8B
_LATD                                          (abs)        000F8C
_LATE                                          (abs)        000F8D
_OSCCON                                        (abs)        000FD3
_OSCILLATOR_Initialize                         text16       0024B4
_OSCTUNE                                       (abs)        000F9B
_PIE1bits                                      (abs)        000F9D
_PIN_MANAGER_Initialize                        text15       002206
_PIR1bits                                      (abs)        000F9E
_PIR2bits                                      (abs)        000FA1
_RCONbits                                      (abs)        000FD0
_RCREG                                         (abs)        000FAE
_RCSTA                                         (abs)        000FAB
_RCSTAbits                                     (abs)        000FAB
_SPBRG                                         (abs)        000FAF
_SPBRGH                                        (abs)        000FB0
_SSPADD                                        (abs)        000FC8
_SSPBUF                                        (abs)        000FC9
_SSPCON1                                       (abs)        000FC6
_SSPCON1bits                                   (abs)        000FC6
_SSPCON2                                       (abs)        000FC5
_SSPCON2bits                                   (abs)        000FC5
_SSPSTAT                                       (abs)        000FC7
_SSPSTATbits                                   (abs)        000FC7
_SYSTEM_Initialize                             text14       002418
_TRISA                                         (abs)        000F92
_TRISB                                         (abs)        000F93
_TRISC                                         (abs)        000F94
_TRISD                                         (abs)        000F95
_TRISE                                         (abs)        000F96
_TXREG                                         (abs)        000FAD
_TXSTA                                         (abs)        000FAC
_TXSTAbits                                     (abs)        000FAC
_WPUB                                          (abs)        000F7C
__HRAM                                         (abs)        000000
__Habs1                                        abs1         000000
__Hbank0                                       bank0        000000
__Hbank1                                       bank1        000000
__Hbank10                                      bank10       000000
__Hbank11                                      bank11       000000
__Hbank12                                      bank12       000000
__Hbank13                                      bank13       000000
__Hbank14                                      bank14       000000
__Hbank15                                      bank15       000000
__Hbank2                                       bank2        000000
__Hbank3                                       bank3        000000
__Hbank4                                       bank4        000000
__Hbank5                                       bank5        000000
__Hbank6                                       bank6        000000
__Hbank7                                       bank7        000000
__Hbank8                                       bank8        000000
__Hbank9                                       bank9        000000
__Hbigbss                                      bigbss       000000
__Hbigdata                                     bigdata      000000
__Hbigram                                      bigram       000000
__Hbss                                         bss          000000
__HbssBANK0                                    bssBANK0     000000
__HbssCOMRAM                                   bssCOMRAM    000000
__Hcinit                                       cinit        000000
__Hclrtext                                     clrtext      000000
__Hcomram                                      comram       000000
__Hconfig                                      config       30000E
__Hconst                                       const        000000
__HcstackBANK0                                 cstackBANK0  000000
__HcstackCOMRAM                                cstackCOMRAM 000000
__Hdata                                        data         000000
__Heeprom_data                                 eeprom_data  000000
__Hfarbss                                      farbss       000000
__Hfardata                                     fardata      000000
__Hibigdata                                    ibigdata     000000
__Hidata                                       idata        000000
__Hidloc                                       idloc        200008
__Hifardata                                    ifardata     000000
__Hinit                                        init         0000B4
__Hintcode                                     intcode      0000B0
__Hintcode_body                                intcode_body 000000
__Hintcodelo                                   intcodelo    0000B0
__Hintentry                                    intentry     000000
__Hintret                                      intret       000000
__Hintsave_regs                                intsave_regs 000000
__Hirdata                                      irdata       000000
__Hmediumconst                                 mediumconst  000000
__HnvBANK0                                     nvBANK0      000000
__HnvFARRAM                                    nvFARRAM     000000
__Hnvbit                                       nvbit        000000
__Hnvrram                                      nvrram       000000
__Hparam                                       rparam       000000
__Hpowerup                                     powerup      0000B0
__Hram                                         ram          000000
__Hramtop                                      ramtop       001000
__Hrbit                                        rbit         000000
__Hrbss                                        rbss         000000
__Hrdata                                       rdata        000000
__Hreset_vec                                   reset_vec    000004
__Hrparam                                      rparam       000000
__Hsfr                                         sfr          000000
__Hsmallconst                                  smallconst   00102C
__Hspace_0                                     (abs)        002582
__Hspace_1                                     (abs)        0000E8
__Hspace_2                                     (abs)        000000
__Hspace_4                                     (abs)        60000E
__Hstack                                       stack        000000
__Hstruct                                      struct       000000
__Htemp                                        temp         00005B
__Htext                                        text         000000
__Htext0                                       text0        000000
__Htext1                                       text1        000000
__Htext10                                      text10       000000
__Htext11                                      text11       000000
__Htext12                                      text12       000000
__Htext13                                      text13       000000
__Htext14                                      text14       000000
__Htext15                                      text15       000000
__Htext16                                      text16       000000
__Htext17                                      text17       000000
__Htext18                                      text18       000000
__Htext19                                      text19       000000
__Htext2                                       text2        000000
__Htext20                                      text20       000000
__Htext21                                      text21       000000
__Htext22                                      text22       000000
__Htext23                                      text23       000000
__Htext24                                      text24       000000
__Htext25                                      text25       000000
__Htext26                                      text26       000000
__Htext27                                      text27       000000
__Htext28                                      text28       000000
__Htext29                                      text29       000000
__Htext3                                       text3        000000
__Htext30                                      text30       000000
__Htext31                                      text31       000000
__Htext32                                      text32       000000
__Htext33                                      text33       000000
__Htext34                                      text34       000000
__Htext35                                      text35       000000
__Htext36                                      text36       000000
__Htext37                                      text37       000000
__Htext38                                      text38       000000
__Htext39                                      text39       000000
__Htext4                                       text4        000000
__Htext40                                      text40       000000
__Htext41                                      text41       000000
__Htext42                                      text42       000000
__Htext43                                      text43       000000
__Htext44                                      text44       000000
__Htext45                                      text45       000000
__Htext46                                      text46       000000
__Htext47                                      text47       000000
__Htext48                                      text48       000000
__Htext49                                      text49       000000
__Htext5                                       text5        000000
__Htext50                                      text50       000000
__Htext51                                      text51       000000
__Htext52                                      text52       000000
__Htext53                                      text53       000000
__Htext54                                      text54       000000
__Htext55                                      text55       000000
__Htext56                                      text56       000000
__Htext57                                      text57       000000
__Htext58                                      text58       000000
__Htext59                                      text59       000000
__Htext6                                       text6        000000
__Htext60                                      text60       000000
__Htext61                                      text61       000000
__Htext62                                      text62       000000
__Htext63                                      text63       000000
__Htext64                                      text64       000000
__Htext65                                      text65       000000
__Htext66                                      text66       000000
__Htext67                                      text67       000000
__Htext68                                      text68       000000
__Htext69                                      text69       000000
__Htext7                                       text7        000000
__Htext70                                      text70       000000
__Htext71                                      text71       000000
__Htext72                                      text72       000000
__Htext73                                      text73       000000
__Htext74                                      text74       000000
__Htext76                                      text76       000000
__Htext77                                      text77       000000
__Htext78                                      text78       000000
__Htext79                                      text79       000000
__Htext8                                       text8        000000
__Htext80                                      text80       000000
__Htext81                                      text81       000000
__Htext82                                      text82       000000
__Htext9                                       text9        000000
__LRAM                                         (abs)        000001
__Labs1                                        abs1         000000
__Lbank0                                       bank0        000000
__Lbank1                                       bank1        000000
__Lbank10                                      bank10       000000
__Lbank11                                      bank11       000000
__Lbank12                                      bank12       000000
__Lbank13                                      bank13       000000
__Lbank14                                      bank14       000000
__Lbank15                                      bank15       000000
__Lbank2                                       bank2        000000
__Lbank3                                       bank3        000000
__Lbank4                                       bank4        000000
__Lbank5                                       bank5        000000
__Lbank6                                       bank6        000000
__Lbank7                                       bank7        000000
__Lbank8                                       bank8        000000
__Lbank9                                       bank9        000000
__Lbigbss                                      bigbss       000000
__Lbigdata                                     bigdata      000000
__Lbigram                                      bigram       000000
__Lbss                                         bss          000000
__LbssBANK0                                    bssBANK0     000000
__LbssCOMRAM                                   bssCOMRAM    000000
__Lcinit                                       cinit        000000
__Lclrtext                                     clrtext      000000
__Lcomram                                      comram       000000
__Lconfig                                      config       000000
__Lconst                                       const        000000
__LcstackBANK0                                 cstackBANK0  000000
__LcstackCOMRAM                                cstackCOMRAM 000000
__Ldata                                        data         000000
__Leeprom_data                                 eeprom_data  000000
__Lfarbss                                      farbss       000000
__Lfardata                                     fardata      000000
__Libigdata                                    ibigdata     000000
__Lidata                                       idata        000000
__Lidloc                                       idloc        000000
__Lifardata                                    ifardata     000000
__Linit                                        init         0000B0
__Lintcode                                     intcode      000008
__Lintcode_body                                intcode_body 000000
__Lintcodelo                                   intcodelo    0000B0
__Lintentry                                    intentry     000000
__Lintret                                      intret       000000
__Lintsave_regs                                intsave_regs 000000
__Lirdata                                      irdata       000000
__Lmediumconst                                 mediumconst  000000
__LnvBANK0                                     nvBANK0      000000
__LnvFARRAM                                    nvFARRAM     000000
__Lnvbit                                       nvbit        000000
__Lnvrram                                      nvrram       000000
__Lparam                                       rparam       000000
__Lpowerup                                     powerup      0000B0
__Lram                                         ram          000000
__Lramtop                                      ramtop       001000
__Lrbit                                        rbit         000000
__Lrbss                                        rbss         000000
__Lrdata                                       rdata        000000
__Lreset_vec                                   reset_vec    000000
__Lrparam                                      rparam       000000
__Lsfr                                         sfr          000000
__Lsmallconst                                  smallconst   001000
__Lspace_0                                     (abs)        000000
__Lspace_1                                     (abs)        000000
__Lspace_2                                     (abs)        000000
__Lspace_4                                     (abs)        000000
__Lstack                                       stack        000000
__Lstruct                                      struct       000000
__Ltemp                                        temp         00005A
__Ltext                                        text         000000
__Ltext0                                       text0        000000
__Ltext1                                       text1        000000
__Ltext10                                      text10       000000
__Ltext11                                      text11       000000
__Ltext12                                      text12       000000
__Ltext13                                      text13       000000
__Ltext14                                      text14       000000
__Ltext15                                      text15       000000
__Ltext16                                      text16       000000
__Ltext17                                      text17       000000
__Ltext18                                      text18       000000
__Ltext19                                      text19       000000
__Ltext2                                       text2        000000
__Ltext20                                      text20       000000
__Ltext21                                      text21       000000
__Ltext22                                      text22       000000
__Ltext23                                      text23       000000
__Ltext24                                      text24       000000
__Ltext25                                      text25       000000
__Ltext26                                      text26       000000
__Ltext27                                      text27       000000
__Ltext28                                      text28       000000
__Ltext29                                      text29       000000
__Ltext3                                       text3        000000
__Ltext30                                      text30       000000
__Ltext31                                      text31       000000
__Ltext32                                      text32       000000
__Ltext33                                      text33       000000
__Ltext34                                      text34       000000
__Ltext35                                      text35       000000
__Ltext36                                      text36       000000
__Ltext37                                      text37       000000
__Ltext38                                      text38       000000
__Ltext39                                      text39       000000
__Ltext4                                       text4        000000
__Ltext40                                      text40       000000
__Ltext41                                      text41       000000
__Ltext42                                      text42       000000
__Ltext43                                      text43       000000
__Ltext44                                      text44       000000
__Ltext45                                      text45       000000
__Ltext46                                      text46       000000
__Ltext47                                      text47       000000
__Ltext48                                      text48       000000
__Ltext49                                      text49       000000
__Ltext5                                       text5        000000
__Ltext50                                      text50       000000
__Ltext51                                      text51       000000
__Ltext52                                      text52       000000
__Ltext53                                      text53       000000
__Ltext54                                      text54       000000
__Ltext55                                      text55       000000
__Ltext56                                      text56       000000
__Ltext57                                      text57       000000
__Ltext58                                      text58       000000
__Ltext59                                      text59       000000
__Ltext6                                       text6        000000
__Ltext60                                      text60       000000
__Ltext61                                      text61       000000
__Ltext62                                      text62       000000
__Ltext63                                      text63       000000
__Ltext64                                      text64       000000
__Ltext65                                      text65       000000
__Ltext66                                      text66       000000
__Ltext67                                      text67       000000
__Ltext68                                      text68       000000
__Ltext69                                      text69       000000
__Ltext7                                       text7        000000
__Ltext70                                      text70       000000
__Ltext71                                      text71       000000
__Ltext72                                      text72       000000
__Ltext73                                      text73       000000
__Ltext74                                      text74       000000
__Ltext76                                      text76       000000
__Ltext77                                      text77       000000
__Ltext78                                      text78       000000
__Ltext79                                      text79       000000
__Ltext8                                       text8        000000
__Ltext80                                      text80       000000
__Ltext81                                      text81       000000
__Ltext82                                      text82       000000
__Ltext9                                       text9        000000
__S0                                           (abs)        002582
__S1                                           (abs)        0000E8
__S2                                           (abs)        000000
__S4                                           (abs)        000000
__S5                                           (abs)        000000
___aodiv                                       text13       0014CC
___aodiv@counter                               cstackCOMRAM 000015
___aodiv@dividend                              cstackCOMRAM 000005
___aodiv@divisor                               cstackCOMRAM 00000D
___aodiv@quotient                              cstackCOMRAM 000017
___aodiv@sign                                  cstackCOMRAM 000016
___aomod                                       text12       001654
___aomod@counter                               cstackCOMRAM 000015
___aomod@dividend                              cstackCOMRAM 000005
___aomod@divisor                               cstackCOMRAM 00000D
___aomod@sign                                  cstackCOMRAM 000016
___inthi_sp                                    stack        000000
___intlo_sp                                    stack        000000
___param_bank                                  (abs)        000000
___rparam_used                                 (abs)        000001
___sp                                          stack        000000
__accesstop                                    (abs)        000060
__activetblptr                                 (abs)        000003
__end_of_EUSART_DefaultErrorHandler            text80       002550
__end_of_EUSART_DefaultFramingErrorHandler     text79       002582
__end_of_EUSART_DefaultOverrunErrorHandler     text78       00254A
__end_of_EUSART_Initialize                     text19       001E86
__end_of_EUSART_Receive_ISR                    text77       001ACA
__end_of_EUSART_RxDataHandler                  text81       00233E
__end_of_EUSART_SetErrorHandler                text24       0024F0
__end_of_EUSART_SetFramingErrorHandler         text23       0024E6
__end_of_EUSART_SetOverrunErrorHandler         text22       0024DC
__end_of_EUSART_SetRxInterruptHandler          text21       0024D2
__end_of_EUSART_SetTxInterruptHandler          text20       0024C8
__end_of_EUSART_Transmit_ISR                   text76       002150
__end_of_EUSART_Write                          text10       002086
__end_of_I2C_CallbackReturnReset               text58       002564
__end_of_I2C_CallbackReturnStop                text59       002568
__end_of_I2C_Close                             text71       002312
__end_of_I2C_DO_ADDRESS_NACK                   text35       001FCA
__end_of_I2C_DO_IDLE                           text49       0024AA
__end_of_I2C_DO_RCEN                           text44       00249E
__end_of_I2C_DO_RESET                          text36       002492
__end_of_I2C_DO_RX                             text45       001B70
__end_of_I2C_DO_RX_ACK                         text39       002510
__end_of_I2C_DO_RX_NACK_RESTART                text37       002500
__end_of_I2C_DO_RX_NACK_STOP                   text38       002508
__end_of_I2C_DO_SEND_ADR_READ                  text48       002486
__end_of_I2C_DO_SEND_ADR_WRITE                 text47       002476
__end_of_I2C_DO_SEND_RESTART                   text41       002520
__end_of_I2C_DO_SEND_RESTART_READ              text43       002530
__end_of_I2C_DO_SEND_RESTART_WRITE             text42       002528
__end_of_I2C_DO_SEND_STOP                      text40       002518
__end_of_I2C_DO_TX                             text46       001A0E
__end_of_I2C_DO_TX_EMPTY                       text50       001D96
__end_of_I2C_Initialize                        text18       002442
__end_of_I2C_MasterClearIrq                    text74       002580
__end_of_I2C_MasterClose                       text73       00257C
__end_of_I2C_MasterDisableIrq                  text72       002578
__end_of_I2C_MasterEnableRestart               text69       002570
__end_of_I2C_MasterFsm                         text34       001EF6
__end_of_I2C_MasterGetRxData                   text55       00255C
__end_of_I2C_MasterIsNack                      text52       002456
__end_of_I2C_MasterOpen                        text29       0023AC
__end_of_I2C_MasterOperation                   text31       00210E
__end_of_I2C_MasterSendAck                     text54       00253E
__end_of_I2C_MasterSendNack                    text56       002544
__end_of_I2C_MasterSendTxData                  text53       002538
__end_of_I2C_MasterSetIrq                      text51       002558
__end_of_I2C_MasterStart                       text70       002574
__end_of_I2C_MasterStartRx                     text57       002560
__end_of_I2C_MasterStop                        text68       00256C
__end_of_I2C_MasterWaitForEvent                text33       002466
__end_of_I2C_MasterWrite                       text30       0024F8
__end_of_I2C_Open                              text28       001C94
__end_of_I2C_Poller                            text32       0023E8
__end_of_I2C_Read2ByteRegister                 text26       001D1A
__end_of_I2C_SetAddressNackCallback            text27       002400
__end_of_I2C_SetBuffer                         text67       00238A
__end_of_I2C_SetCallback                       text66       001E10
__end_of_I2C_SetDataCompleteCallback           text65       002418
__end_of_I2C_Write2ByteRegister                text25       001F64
__end_of_INTERRUPT_Initialize                  text17       002554
__end_of_INTERRUPT_InterruptManager            intcode      0000B0
__end_of_OSCILLATOR_Initialize                 text16       0024BE
__end_of_PIN_MANAGER_Initialize                text15       002236
__end_of_SYSTEM_Initialize                     text14       00242E
__end_of___aodiv                               text13       001654
__end_of___aomod                               text12       0017B8
__end_of__initialization                       cinit        0023C0
__end_of_abs                                   text11       002190
__end_of_dtoa                                  text4        00130E
__end_of_fputc                                 text8        001C06
__end_of_fputs                                 text7        0020CA
__end_of_fsmStateTable                         smallconst   001021
__end_of_main                                  text0        001884
__end_of_pad                                   text5        00194A
__end_of_printf                                text1        002366
__end_of_putch                                 text9        0024B4
__end_of_rd1RegCompleteHandler                 text63       0022BA
__end_of_rd2RegCompleteHandler                 text62       00228E
__end_of_rdBlkRegCompleteHandler               text60       0021D0
__end_of_strlen                                text6        002206
__end_of_vfpfcnvrt                             text3        0014CC
__end_of_vfprintf                              text2        00202E
__end_of_wr1RegCompleteHandler                 text61       002262
__end_of_wr2RegCompleteHandler                 text64       0022E6
__initialization                               cinit        0023AC
__mediumconst                                  mediumconst  000000
__pbssBANK0                                    bssBANK0     000060
__pbssCOMRAM                                   bssCOMRAM    000056
__pcinit                                       cinit        0023AC
__pcstackBANK0                                 cstackBANK0  0000C6
__pcstackCOMRAM                                cstackCOMRAM 000001
__pintcode                                     intcode      000008
__pnvBANK0                                     nvBANK0      0000DD
__psmallconst                                  smallconst   001000
__ptext0                                       text0        0017B8
__ptext1                                       text1        00233E
__ptext10                                      text10       00202E
__ptext11                                      text11       002150
__ptext12                                      text12       001654
__ptext13                                      text13       0014CC
__ptext14                                      text14       002418
__ptext15                                      text15       002206
__ptext16                                      text16       0024B4
__ptext17                                      text17       002550
__ptext18                                      text18       00242E
__ptext19                                      text19       001E10
__ptext2                                       text2        001FCA
__ptext20                                      text20       0024BE
__ptext21                                      text21       0024C8
__ptext22                                      text22       0024D2
__ptext23                                      text23       0024DC
__ptext24                                      text24       0024E6
__ptext25                                      text25       001EF6
__ptext26                                      text26       001C94
__ptext27                                      text27       0023E8
__ptext28                                      text28       001C06
__ptext29                                      text29       00238A
__ptext3                                       text3        00130E
__ptext30                                      text30       0024F0
__ptext31                                      text31       0020CA
__ptext32                                      text32       0023CA
__ptext33                                      text33       002456
__ptext34                                      text34       001E86
__ptext35                                      text35       001F64
__ptext36                                      text36       002486
__ptext37                                      text37       0024F8
__ptext38                                      text38       002500
__ptext39                                      text39       002508
__ptext4                                       text4        00102C
__ptext40                                      text40       002510
__ptext41                                      text41       002518
__ptext42                                      text42       002520
__ptext43                                      text43       002528
__ptext44                                      text44       002492
__ptext45                                      text45       001ACA
__ptext46                                      text46       00194A
__ptext47                                      text47       002466
__ptext48                                      text48       002476
__ptext49                                      text49       00249E
__ptext5                                       text5        001884
__ptext50                                      text50       001D1A
__ptext51                                      text51       002554
__ptext52                                      text52       002442
__ptext53                                      text53       002530
__ptext54                                      text54       002538
__ptext55                                      text55       002558
__ptext56                                      text56       00253E
__ptext57                                      text57       00255C
__ptext58                                      text58       002560
__ptext59                                      text59       002564
__ptext6                                       text6        0021D0
__ptext60                                      text60       002190
__ptext61                                      text61       002236
__ptext62                                      text62       002262
__ptext63                                      text63       00228E
__ptext64                                      text64       0022BA
__ptext65                                      text65       002400
__ptext66                                      text66       001D96
__ptext67                                      text67       002366
__ptext68                                      text68       002568
__ptext69                                      text69       00256C
__ptext7                                       text7        002086
__ptext70                                      text70       002570
__ptext71                                      text71       0022E6
__ptext72                                      text72       002574
__ptext73                                      text73       002578
__ptext74                                      text74       00257C
__ptext76                                      text76       00210E
__ptext77                                      text77       001A0E
__ptext78                                      text78       002544
__ptext79                                      text79       002580
__ptext8                                       text8        001B70
__ptext80                                      text80       00254A
__ptext81                                      text81       002312
__ptext82                                      text82       000000
__ptext9                                       text9        0024AA
__ramtop                                       ramtop       001000
__size_of_EUSART_DefaultErrorHandler           (abs)        000000
__size_of_EUSART_DefaultFramingErrorHandler    (abs)        000000
__size_of_EUSART_DefaultOverrunErrorHandler    (abs)        000000
__size_of_EUSART_Initialize                    (abs)        000000
__size_of_EUSART_Receive_ISR                   (abs)        000000
__size_of_EUSART_RxDataHandler                 (abs)        000000
__size_of_EUSART_SetErrorHandler               (abs)        000000
__size_of_EUSART_SetFramingErrorHandler        (abs)        000000
__size_of_EUSART_SetOverrunErrorHandler        (abs)        000000
__size_of_EUSART_SetRxInterruptHandler         (abs)        000000
__size_of_EUSART_SetTxInterruptHandler         (abs)        000000
__size_of_EUSART_Transmit_ISR                  (abs)        000000
__size_of_EUSART_Write                         (abs)        000000
__size_of_I2C_CallbackReturnReset              (abs)        000000
__size_of_I2C_CallbackReturnStop               (abs)        000000
__size_of_I2C_Close                            (abs)        000000
__size_of_I2C_DO_ADDRESS_NACK                  (abs)        000000
__size_of_I2C_DO_IDLE                          (abs)        000000
__size_of_I2C_DO_RCEN                          (abs)        000000
__size_of_I2C_DO_RESET                         (abs)        000000
__size_of_I2C_DO_RX                            (abs)        000000
__size_of_I2C_DO_RX_ACK                        (abs)        000000
__size_of_I2C_DO_RX_NACK_RESTART               (abs)        000000
__size_of_I2C_DO_RX_NACK_STOP                  (abs)        000000
__size_of_I2C_DO_SEND_ADR_READ                 (abs)        000000
__size_of_I2C_DO_SEND_ADR_WRITE                (abs)        000000
__size_of_I2C_DO_SEND_RESTART                  (abs)        000000
__size_of_I2C_DO_SEND_RESTART_READ             (abs)        000000
__size_of_I2C_DO_SEND_RESTART_WRITE            (abs)        000000
__size_of_I2C_DO_SEND_STOP                     (abs)        000000
__size_of_I2C_DO_TX                            (abs)        000000
__size_of_I2C_DO_TX_EMPTY                      (abs)        000000
__size_of_I2C_Initialize                       (abs)        000000
__size_of_I2C_MasterClearIrq                   (abs)        000000
__size_of_I2C_MasterClose                      (abs)        000000
__size_of_I2C_MasterDisableIrq                 (abs)        000000
__size_of_I2C_MasterEnableRestart              (abs)        000000
__size_of_I2C_MasterFsm                        (abs)        000000
__size_of_I2C_MasterGetRxData                  (abs)        000000
__size_of_I2C_MasterIsNack                     (abs)        000000
__size_of_I2C_MasterOpen                       (abs)        000000
__size_of_I2C_MasterOperation                  (abs)        000000
__size_of_I2C_MasterSendAck                    (abs)        000000
__size_of_I2C_MasterSendNack                   (abs)        000000
__size_of_I2C_MasterSendTxData                 (abs)        000000
__size_of_I2C_MasterSetIrq                     (abs)        000000
__size_of_I2C_MasterStart                      (abs)        000000
__size_of_I2C_MasterStartRx                    (abs)        000000
__size_of_I2C_MasterStop                       (abs)        000000
__size_of_I2C_MasterWaitForEvent               (abs)        000000
__size_of_I2C_MasterWrite                      (abs)        000000
__size_of_I2C_Open                             (abs)        000000
__size_of_I2C_Poller                           (abs)        000000
__size_of_I2C_Read2ByteRegister                (abs)        000000
__size_of_I2C_SetAddressNackCallback           (abs)        000000
__size_of_I2C_SetBuffer                        (abs)        000000
__size_of_I2C_SetCallback                      (abs)        000000
__size_of_I2C_SetDataCompleteCallback          (abs)        000000
__size_of_I2C_Write2ByteRegister               (abs)        000000
__size_of_INTERRUPT_Initialize                 (abs)        000000
__size_of_INTERRUPT_InterruptManager           (abs)        000000
__size_of_OSCILLATOR_Initialize                (abs)        000000
__size_of_PIN_MANAGER_Initialize               (abs)        000000
__size_of_SYSTEM_Initialize                    (abs)        000000
__size_of___aodiv                              (abs)        000000
__size_of___aomod                              (abs)        000000
__size_of_abs                                  (abs)        000000
__size_of_dtoa                                 (abs)        000000
__size_of_fputc                                (abs)        000000
__size_of_fputs                                (abs)        000000
__size_of_main                                 (abs)        000000
__size_of_pad                                  (abs)        000000
__size_of_printf                               (abs)        000000
__size_of_putch                                (abs)        000000
__size_of_rd1RegCompleteHandler                (abs)        000000
__size_of_rd2RegCompleteHandler                (abs)        000000
__size_of_rdBlkRegCompleteHandler              (abs)        000000
__size_of_strlen                               (abs)        000000
__size_of_vfpfcnvrt                            (abs)        000000
__size_of_vfprintf                             (abs)        000000
__size_of_wr1RegCompleteHandler                (abs)        000000
__size_of_wr2RegCompleteHandler                (abs)        000000
__smallconst                                   smallconst   001000
_abs                                           text11       002150
_dbuf                                          bssBANK0     0000A6
_dtoa                                          text4        00102C
_dtoa$2024                                     cstackCOMRAM 000034
_eusartRxBuffer                                bssBANK0     00008C
_eusartRxCount                                 bssBANK0     0000A5
_eusartRxHead                                  bssCOMRAM    000057
_eusartRxLastError                             bssBANK0     0000A4
_eusartRxStatusBuffer                          bssBANK0     000084
_eusartRxTail                                  bssCOMRAM    000056
_eusartTxBuffer                                bssBANK0     000094
_eusartTxBufferRemaining                       nvBANK0      0000E7
_eusartTxHead                                  bssCOMRAM    000059
_eusartTxTail                                  bssCOMRAM    000058
_flags                                         bssBANK0     0000A2
_fputc                                         text8        001B70
_fputs                                         text7        002086
_fsmStateTable                                 smallconst   001001
_main                                          text0        0017B8
_nout                                          bssBANK0     00009C
_pad                                           text5        001884
_prec                                          bssBANK0     0000A0
_printf                                        text1        00233E
_putch                                         text9        0024AA
_rd1RegCompleteHandler                         text63       00228E
_rd2RegCompleteHandler                         text62       002262
_rdBlkRegCompleteHandler                       text60       002190
_strlen                                        text6        0021D0
_vfpfcnvrt                                     text3        00130E
_vfprintf                                      text2        001FCA
_width                                         bssBANK0     00009E
_wr1RegCompleteHandler                         text61       002236
_wr2RegCompleteHandler                         text64       0022BA
abs@a                                          cstackCOMRAM 000017
btemp                                          temp         00005A
dtoa@d                                         cstackCOMRAM 000024
dtoa@fp                                        cstackCOMRAM 000022
dtoa@i                                         cstackCOMRAM 000044
dtoa@n                                         cstackCOMRAM 00003C
dtoa@p                                         cstackCOMRAM 000036
dtoa@s                                         cstackCOMRAM 00003A
dtoa@w                                         cstackCOMRAM 000038
end_of_initialization                          cinit        0023C0
fputc@c                                        cstackCOMRAM 000007
fputc@fp                                       cstackCOMRAM 000009
fputs@c                                        cstackCOMRAM 000014
fputs@fp                                       cstackCOMRAM 000012
fputs@i                                        cstackCOMRAM 000015
fputs@s                                        cstackCOMRAM 000010
int$flags                                      temp         00005A
intlevel0                                      text         000000
intlevel1                                      text         000000
intlevel2                                      text         000000
intlevel3                                      text         000000
main@tempData                                  cstackBANK0  0000D9
main@tempDataAnz                               cstackBANK0  0000DB
pad@buf                                        cstackCOMRAM 000019
pad@fp                                         cstackCOMRAM 000017
pad@i                                          cstackCOMRAM 00001E
pad@p                                          cstackCOMRAM 00001B
pad@w                                          cstackCOMRAM 000020
printf@ap                                      cstackBANK0  0000D4
printf@fmt                                     cstackBANK0  0000CE
putch@txData                                   cstackCOMRAM 000006
rd1RegCompleteHandler@ptr                      cstackCOMRAM 00000E
rd2RegCompleteHandler@ptr                      cstackCOMRAM 00000E
rdBlkRegCompleteHandler@ptr                    cstackCOMRAM 00000E
stackhi                                        (abs)        000F5F
stacklo                                        (abs)        0000E8
start                                          init         0000B0
start_initialization                           cinit        0023AC
strlen@a                                       cstackCOMRAM 000007
strlen@s                                       cstackCOMRAM 000005
ttemp5                                         temp         00005B
ttemp6                                         temp         00005E
ttemp7                                         temp         000062
vfpfcnvrt@ap                                   cstackCOMRAM 00004A
vfpfcnvrt@fmt                                  cstackCOMRAM 000048
vfpfcnvrt@fp                                   cstackCOMRAM 000046
vfpfcnvrt@ll                                   cstackCOMRAM 00004E
vfprintf@ap                                    cstackBANK0  0000CA
vfprintf@cfmt                                  cstackBANK0  0000CC
vfprintf@fmt                                   cstackBANK0  0000C8
vfprintf@fp                                    cstackBANK0  0000C6
wr1RegCompleteHandler@ptr                      cstackCOMRAM 00000E
wr2RegCompleteHandler@ptr                      cstackCOMRAM 00000E
wtemp8                                         temp         00005B


FUNCTION INFORMATION:

 *************** function _main *****************
 Defined at:
		line 50 in file "main.c"
 Parameters:    Size  Location     Type
		None
 Auto vars:     Size  Location     Type
  tempDataAnz     2   21[BANK0 ] unsigned short 
  tempData        2   19[BANK0 ] unsigned short 
 Return value:  Size  Location     Type
                  1    wreg      void 
 Registers used:
		wreg, fsr1l, fsr1h, fsr2l, fsr2h, status,2, status,0, pclath, tosl, tblptrl, tblptrh, tblptru, prodl, prodh, cstack
 Tracked objects:
		On entry : 
		On exit  : 
		Unchanged: 
 Data sizes:     COMRAM   BANK0   BANK1   BANK2   BANK3   BANK4   BANK5   BANK6   BANK7   BANK8   BANK9  BANK10  BANK11  BANK12  BANK13  BANK14  BANK15
      Params:         0       0       0       0       0       0       0       0       0       0       0       0       0       0       0       0       0
      Locals:         0       4       0       0       0       0       0       0       0       0       0       0       0       0       0       0       0
      Temps:          0       3       0       0       0       0       0       0       0       0       0       0       0       0       0       0       0
      Totals:         0       7       0       0       0       0       0       0       0       0       0       0       0       0       0       0       0
Total ram usage:        7 bytes
 Hardware stack levels required when called:   13
 This function calls:
		_I2C_Read2ByteRegister
		_I2C_Write2ByteRegister
		_SYSTEM_Initialize
		_printf
[...]
 Hardware stack levels used:    1
 Hardware stack levels required when called:    4
 This function calls:
		Nothing
 This function is called by:
		_I2C_Close
		_I2C_SetTimeOut
 This function uses a non-reentrant model


 *************** function _I2C_MasterClose *****************
 Defined at:
		line 557 in file "mcc_generated_files/i2c_master.c"
 Parameters:    Size  Location     Type
		None
 Auto vars:     Size  Location     Type
		None
 Return value:  Size  Location     Type
                  1    wreg      void 
 Registers used:
		None
 Tracked objects:
		On entry : 
		On exit  : 
		Unchanged: 
 Data sizes:     COMRAM   BANK0   BANK1   BANK2   BANK3   BANK4   BANK5   BANK6   BANK7   BANK8   BANK9  BANK10  BANK11  BANK12  BANK13  BANK14  BANK15
      Params:         0       0       0       0       0       0       0       0       0       0       0       0       0       0       0       0       0
      Locals:         0       0       0       0       0       0       0       0       0       0       0       0       0       0       0       0       0
      Temps:          0       0       0       0       0       0       0       0       0       0       0       0       0       0       0       0       0
      Totals:         0       0       0       0       0       0       0       0       0       0       0       0       0       0       0       0       0
Total ram usage:        0 bytes
 Hardware stack levels used:    1
 Hardware stack levels required when called:    4
 This function calls:
		Nothing
 This function is called by:
		_I2C_Close
 This function uses a non-reentrant model


 *************** function _I2C_MasterClearIrq *****************
 Defined at:
		line 640 in file "mcc_generated_files/i2c_master.c"
 Parameters:    Size  Location     Type
		None
 Auto vars:     Size  Location     Type
		None
 Return value:  Size  Location     Type
                  1    wreg      void 
 Registers used:
		None
 Tracked objects:
		On entry : 
		On exit  : 
		Unchanged: 
 Data sizes:     COMRAM   BANK0   BANK1   BANK2   BANK3   BANK4   BANK5   BANK6   BANK7   BANK8   BANK9  BANK10  BANK11  BANK12  BANK13  BANK14  BANK15
      Params:         0       0       0       0       0       0       0       0       0       0       0       0       0       0       0       0       0
      Locals:         0       0       0       0       0       0       0       0       0       0       0       0       0       0       0       0       0
      Temps:          0       0       0       0       0       0       0       0       0       0       0       0       0       0       0       0       0
      Totals:         0       0       0       0       0       0       0       0       0       0       0       0       0       0       0       0       0
Total ram usage:        0 bytes
 Hardware stack levels used:    1
 Hardware stack levels required when called:    4
 This function calls:
		Nothing
 This function is called by:
		_I2C_Open
		_I2C_Close
		_I2C_MasterFsm
 This function uses a non-reentrant model


 *************** function _INTERRUPT_InterruptManager *****************
 Defined at:
		line 58 in file "mcc_generated_files/interrupt_manager.c"
 Parameters:    Size  Location     Type
		None
 Auto vars:     Size  Location     Type
		None
 Return value:  Size  Location     Type
                  1    wreg      void 
 Registers used:
		wreg, fsr2l, fsr2h, status,2, status,0, pclath, tosl, cstack
 Tracked objects:
		On entry : 
		On exit  : 
		Unchanged: 
 Data sizes:     COMRAM   BANK0   BANK1   BANK2   BANK3   BANK4   BANK5   BANK6   BANK7   BANK8   BANK9  BANK10  BANK11  BANK12  BANK13  BANK14  BANK15
      Params:         0       0       0       0       0       0       0       0       0       0       0       0       0       0       0       0       0
      Locals:         0       0       0       0       0       0       0       0       0       0       0       0       0       0       0       0       0
      Temps:          4       0       0       0       0       0       0       0       0       0       0       0       0       0       0       0       0
      Totals:         4       0       0       0       0       0       0       0       0       0       0       0       0       0       0       0       0
Total ram usage:        4 bytes
 Hardware stack levels used:    1
 Hardware stack levels required when called:    3
 This function calls:
		Absolute function
		_EUSART_Receive_ISR
		_EUSART_Transmit_ISR
 This function is called by:
		Interrupt level 2
 This function uses a non-reentrant model


 *************** function _EUSART_Transmit_ISR *****************
 Defined at:
		line 206 in file "mcc_generated_files/eusart.c"
 Parameters:    Size  Location     Type
		None
 Auto vars:     Size  Location     Type
		None
 Return value:  Size  Location     Type
                  1    wreg      void 
 Registers used:
		wreg, fsr2l, fsr2h, status,2, status,0
 Tracked objects:
		On entry : 
		On exit  : 
		Unchanged: 
 Data sizes:     COMRAM   BANK0   BANK1   BANK2   BANK3   BANK4   BANK5   BANK6   BANK7   BANK8   BANK9  BANK10  BANK11  BANK12  BANK13  BANK14  BANK15
      Params:         0       0       0       0       0       0       0       0       0       0       0       0       0       0       0       0       0
      Locals:         0       0       0       0       0       0       0       0       0       0       0       0       0       0       0       0       0
      Temps:          0       0       0       0       0       0       0       0       0       0       0       0       0       0       0       0       0
      Totals:         0       0       0       0       0       0       0       0       0       0       0       0       0       0       0       0       0
Total ram usage:        0 bytes
 Hardware stack levels used:    1
 This function calls:
		Nothing
 This function is called by:
		_EUSART_Initialize
		_INTERRUPT_InterruptManager
 This function uses a non-reentrant model


 *************** function _EUSART_Receive_ISR *****************
 Defined at:
		line 225 in file "mcc_generated_files/eusart.c"
 Parameters:    Size  Location     Type
		None
 Auto vars:     Size  Location     Type
		None
 Return value:  Size  Location     Type
                  1    wreg      void 
 Registers used:
		wreg, fsr2l, fsr2h, status,2, status,0, pclath, tosl, cstack
 Tracked objects:
		On entry : 
		On exit  : 
		Unchanged: 
 Data sizes:     COMRAM   BANK0   BANK1   BANK2   BANK3   BANK4   BANK5   BANK6   BANK7   BANK8   BANK9  BANK10  BANK11  BANK12  BANK13  BANK14  BANK15
      Params:         0       0       0       0       0       0       0       0       0       0       0       0       0       0       0       0       0
      Locals:         0       0       0       0       0       0       0       0       0       0       0       0       0       0       0       0       0
      Temps:          0       0       0       0       0       0       0       0       0       0       0       0       0       0       0       0       0
      Totals:         0       0       0       0       0       0       0       0       0       0       0       0       0       0       0       0       0
Total ram usage:        0 bytes
 Hardware stack levels used:    1
 Hardware stack levels required when called:    2
 This function calls:
		Absolute function
		_EUSART_DefaultErrorHandler
		_EUSART_DefaultFramingErrorHandler
		_EUSART_DefaultOverrunErrorHandler
		_EUSART_RxDataHandler
 This function is called by:
		_EUSART_Initialize
		_INTERRUPT_InterruptManager
 This function uses a non-reentrant model


 *************** function _EUSART_DefaultOverrunErrorHandler *****************
 Defined at:
		line 261 in file "mcc_generated_files/eusart.c"
 Parameters:    Size  Location     Type
		None
 Auto vars:     Size  Location     Type
		None
 Return value:  Size  Location     Type
                  1    wreg      void 
 Registers used:
		None
 Tracked objects:
		On entry : 
		On exit  : 
		Unchanged: 
 Data sizes:     COMRAM   BANK0   BANK1   BANK2   BANK3   BANK4   BANK5   BANK6   BANK7   BANK8   BANK9  BANK10  BANK11  BANK12  BANK13  BANK14  BANK15
      Params:         0       0       0       0       0       0       0       0       0       0       0       0       0       0       0       0       0
      Locals:         0       0       0       0       0       0       0       0       0       0       0       0       0       0       0       0       0
      Temps:          0       0       0       0       0       0       0       0       0       0       0       0       0       0       0       0       0
      Totals:         0       0       0       0       0       0       0       0       0       0       0       0       0       0       0       0       0
Total ram usage:        0 bytes
 Hardware stack levels used:    1
 This function calls:
		Nothing
 This function is called by:
		_EUSART_Initialize
		_EUSART_Receive_ISR
 This function uses a non-reentrant model


 *************** function _EUSART_DefaultFramingErrorHandler *****************
 Defined at:
		line 259 in file "mcc_generated_files/eusart.c"
 Parameters:    Size  Location     Type
		None
 Auto vars:     Size  Location     Type
		None
 Return value:  Size  Location     Type
                  1    wreg      void 
 Registers used:
		None
 Tracked objects:
		On entry : 
		On exit  : 
		Unchanged: 
 Data sizes:     COMRAM   BANK0   BANK1   BANK2   BANK3   BANK4   BANK5   BANK6   BANK7   BANK8   BANK9  BANK10  BANK11  BANK12  BANK13  BANK14  BANK15
      Params:         0       0       0       0       0       0       0       0       0       0       0       0       0       0       0       0       0
      Locals:         0       0       0       0       0       0       0       0       0       0       0       0       0       0       0       0       0
      Temps:          0       0       0       0       0       0       0       0       0       0       0       0       0       0       0       0       0
      Totals:         0       0       0       0       0       0       0       0       0       0       0       0       0       0       0       0       0
Total ram usage:        0 bytes
 Hardware stack levels used:    1
 This function calls:
		Nothing
 This function is called by:
		_EUSART_Initialize
		_EUSART_Receive_ISR
 This function uses a non-reentrant model


 *************** function _EUSART_DefaultErrorHandler *****************
 Defined at:
		line 269 in file "mcc_generated_files/eusart.c"
 Parameters:    Size  Location     Type
		None
 Auto vars:     Size  Location     Type
		None
 Return value:  Size  Location     Type
                  1    wreg      void 
 Registers used:
		wreg, fsr2l, fsr2h, status,2, status,0, cstack
 Tracked objects:
		On entry : 
		On exit  : 
		Unchanged: 
 Data sizes:     COMRAM   BANK0   BANK1   BANK2   BANK3   BANK4   BANK5   BANK6   BANK7   BANK8   BANK9  BANK10  BANK11  BANK12  BANK13  BANK14  BANK15
      Params:         0       0       0       0       0       0       0       0       0       0       0       0       0       0       0       0       0
      Locals:         0       0       0       0       0       0       0       0       0       0       0       0       0       0       0       0       0
      Temps:          0       0       0       0       0       0       0       0       0       0       0       0       0       0       0       0       0
      Totals:         0       0       0       0       0       0       0       0       0       0       0       0       0       0       0       0       0
Total ram usage:        0 bytes
 Hardware stack levels used:    1
 Hardware stack levels required when called:    1
 This function calls:
		_EUSART_RxDataHandler
 This function is called by:
		_EUSART_Initialize
		_EUSART_Receive_ISR
 This function uses a non-reentrant model


 *************** function _EUSART_RxDataHandler *****************
 Defined at:
		line 249 in file "mcc_generated_files/eusart.c"
 Parameters:    Size  Location     Type
		None
 Auto vars:     Size  Location     Type
		None
 Return value:  Size  Location     Type
                  1    wreg      void 
 Registers used:
		wreg, fsr2l, fsr2h, status,2, status,0
 Tracked objects:
		On entry : 
		On exit  : 
		Unchanged: 
 Data sizes:     COMRAM   BANK0   BANK1   BANK2   BANK3   BANK4   BANK5   BANK6   BANK7   BANK8   BANK9  BANK10  BANK11  BANK12  BANK13  BANK14  BANK15
      Params:         0       0       0       0       0       0       0       0       0       0       0       0       0       0       0       0       0
      Locals:         0       0       0       0       0       0       0       0       0       0       0       0       0       0       0       0       0
      Temps:          0       0       0       0       0       0       0       0       0       0       0       0       0       0       0       0       0
      Totals:         0       0       0       0       0       0       0       0       0       0       0       0       0       0       0       0       0
Total ram usage:        0 bytes
 Hardware stack levels used:    1
 This function calls:
		Nothing
 This function is called by:
		_EUSART_Receive_ISR
		_EUSART_DefaultErrorHandler
 This function uses a non-reentrant model



MODULE INFORMATION

Module		Function		Class		Link	Load	Size
C:\Program Files\Microchip\xc8\v2.20\pic\sources\c99\common\nf_fputc.c
		_fputc         		CODE           	1B70	0000	151

C:\Program Files\Microchip\xc8\v2.20\pic\sources\c99\common\nf_fputc.c estimated size: 151

C:\Program Files\Microchip\xc8\v2.20\pic\sources\c99\common\doprnt.c
		_vfpfcnvrt     		CODE           	130E	0000	447
		_pad           		CODE           	1884	0000	199
		_dtoa          		CODE           	102C	0000	739
		_vfprintf      		CODE           	1FCA	0000	101

C:\Program Files\Microchip\xc8\v2.20\pic\sources\c99\common\doprnt.c estimated size: 1486

mcc_generated_files/interrupt_manager.c
		_INTERRUPT_Initialize		CODE           	2550	0000	5
		_INTERRUPT_InterruptManager		CODE           	0008	0000	169

mcc_generated_files/interrupt_manager.c estimated size: 174

mcc_generated_files/examples/i2c_master_example.c
		_wr1RegCompleteHandler		CODE           	2236	0000	45
		_wr2RegCompleteHandler		CODE           	22BA	0000	45
		_I2C_Write2ByteRegister		CODE           	1EF6	0000	111
		_I2C_Read2ByteRegister		CODE           	1C94	0000	135
		_rdBlkRegCompleteHandler		CODE           	2190	0000	65
		_rd1RegCompleteHandler		CODE           	228E	0000	45
		_rd2RegCompleteHandler		CODE           	2262	0000	45

mcc_generated_files/examples/i2c_master_example.c estimated size: 491

mcc_generated_files/pin_manager.c
		_PIN_MANAGER_Initialize		CODE           	2206	0000	49

mcc_generated_files/pin_manager.c estimated size: 49

C:\Program Files\Microchip\xc8\v2.20\pic\sources\c99\common\aomod.c
		___aomod       		CODE           	1654	0000	357

C:\Program Files\Microchip\xc8\v2.20\pic\sources\c99\common\aomod.c estimated size: 357

C:\Program Files\Microchip\xc8\v2.20\pic\sources\c99\common\nf_fputs.c
		_fputs         		CODE           	2086	0000	69

C:\Program Files\Microchip\xc8\v2.20\pic\sources\c99\common\nf_fputs.c estimated size: 69

shared
		__initialization		CODE           	23AC	0000	21
		_fsmStateTable 		SMALLCONST     	1001	0000	33

shared estimated size: 54

mcc_generated_files/mcc.c
		_OSCILLATOR_Initialize		CODE           	24B4	0000	11
		_SYSTEM_Initialize		CODE           	2418	0000	23

mcc_generated_files/mcc.c estimated size: 34

C:\Program Files\Microchip\xc8\v2.20\pic\sources\c99\common\printf.c
		_printf        		CODE           	233E	0000	41

C:\Program Files\Microchip\xc8\v2.20\pic\sources\c99\common\printf.c estimated size: 41

C:\Program Files\Microchip\xc8\v2.20\pic\sources\c99\common\aodiv.c
		___aodiv       		CODE           	14CC	0000	393

C:\Program Files\Microchip\xc8\v2.20\pic\sources\c99\common\aodiv.c estimated size: 393

C:\Program Files\Microchip\xc8\v2.20\pic\sources\c99\common\abs.c
		_abs           		CODE           	2150	0000	65

C:\Program Files\Microchip\xc8\v2.20\pic\sources\c99\common\abs.c estimated size: 65

C:\Program Files\Microchip\xc8\v2.20\pic\sources\c99\common\strlen.c
		_strlen        		CODE           	21D0	0000	55

C:\Program Files\Microchip\xc8\v2.20\pic\sources\c99\common\strlen.c estimated size: 55

mcc_generated_files/i2c_master.c
		_I2C_Close     		CODE           	22E6	0000	45
		_I2C_MasterStartRx		CODE           	255C	0000	5
		_I2C_DO_SEND_ADR_WRITE		CODE           	2466	0000	17
		_I2C_MasterWaitForEvent		CODE           	2456	0000	17
		_I2C_DO_SEND_STOP		CODE           	2510	0000	9
		_I2C_MasterSendNack		CODE           	253E	0000	7
		_I2C_MasterDisableIrq		CODE           	2574	0000	5
		_I2C_CallbackReturnStop		CODE           	2564	0000	5
		_I2C_MasterOperation		CODE           	20CA	0000	69
		_I2C_DO_SEND_ADR_READ		CODE           	2476	0000	17
		_I2C_DO_RX_NACK_STOP		CODE           	2500	0000	9
		_I2C_DO_SEND_RESTART		CODE           	2518	0000	9
		_I2C_DO_RX     		CODE           	1ACA	0000	167
		_I2C_DO_TX     		CODE           	194A	0000	197
		_I2C_DO_IDLE   		CODE           	249E	0000	13
		_I2C_DO_RCEN   		CODE           	2492	0000	13
		_I2C_Poller    		CODE           	23CA	0000	31
		_I2C_DO_RESET  		CODE           	2486	0000	13
		_I2C_MasterClose		CODE           	2578	0000	5
		_I2C_MasterWrite		CODE           	24F0	0000	9
		_I2C_DO_RX_ACK 		CODE           	2508	0000	9
		_I2C_MasterStart		CODE           	2570	0000	5
		_I2C_MasterClearIrq		CODE           	257C	0000	5
		_I2C_MasterGetRxData		CODE           	2558	0000	5
		_I2C_SetCallback		CODE           	1D96	0000	123
		_I2C_DO_ADDRESS_NACK		CODE           	1F64	0000	103
		_I2C_MasterEnableRestart		CODE           	256C	0000	5
		_I2C_CallbackReturnReset		CODE           	2560	0000	5
		_I2C_Open      		CODE           	1C06	0000	143
		_I2C_SetAddressNackCallback		CODE           	23E8	0000	25
		_I2C_DO_TX_EMPTY		CODE           	1D1A	0000	125
		_I2C_DO_SEND_RESTART_WRITE		CODE           	2520	0000	9
		_I2C_MasterIsNack		CODE           	2442	0000	21
		_I2C_SetDataCompleteCallback		CODE           	2400	0000	25
		_I2C_DO_RX_NACK_RESTART		CODE           	24F8	0000	9
		_I2C_MasterSendAck		CODE           	2538	0000	7
		_I2C_MasterFsm 		CODE           	1E86	0000	113
		_I2C_MasterSetIrq		CODE           	2554	0000	5
		_I2C_DO_SEND_RESTART_READ		CODE           	2528	0000	9
		_I2C_Initialize		CODE           	242E	0000	21
		_I2C_SetBuffer 		CODE           	2366	0000	37
		_I2C_MasterOpen		CODE           	238A	0000	35
		_I2C_MasterSendTxData		CODE           	2530	0000	9
		_I2C_MasterStop		CODE           	2568	0000	5

mcc_generated_files/i2c_master.c estimated size: 1520

mcc_generated_files/eusart.c
		_EUSART_SetRxInterruptHandler		CODE           	24C8	0000	11
		_EUSART_SetTxInterruptHandler		CODE           	24BE	0000	11
		_putch         		CODE           	24AA	0000	11
		_EUSART_DefaultOverrunErrorHandler		CODE           	2544	0000	7
		_EUSART_Write  		CODE           	202E	0000	89
		_EUSART_DefaultErrorHandler		CODE           	254A	0000	7
		_EUSART_Transmit_ISR		CODE           	210E	0000	67
		_EUSART_Initialize		CODE           	1E10	0000	119
		_EUSART_SetFramingErrorHandler		CODE           	24DC	0000	11
		_EUSART_SetErrorHandler		CODE           	24E6	0000	11
		_EUSART_SetOverrunErrorHandler		CODE           	24D2	0000	11
		_EUSART_Receive_ISR		CODE           	1A0E	0000	189
		_EUSART_RxDataHandler		CODE           	2312	0000	45
		_EUSART_DefaultFramingErrorHandler		CODE           	2580	0000	3

mcc_generated_files/eusart.c estimated size: 592

main.c
		_main          		CODE           	17B8	0000	205

main.c estimated size: 205

